--- tb/axil_uvm  vs  tb/axil_uvm/mutants_released.yaml  (sim: icarus) ---
[baseline] running clean axil_regfile.sv through axil_uvm ...
  clean RTL: 1 tests passed.

  [SURVIVED] ro_writable          (passed)  -- RO: STATUS accepts writes (should be ignored)
  [SURVIVED] secure_writable_locked (passed)  -- SECURITY: SECURE is writable even while LOCK=1
  [SURVIVED] w1c_as_rw            (passed)  -- INTR behaves as plain RW instead of write-1-to-clear
  [SURVIVED] ctrl_reset_nonzero   (passed)  -- CTRL resets to all-ones instead of 0
  [SURVIVED] addr_secure_off1     (passed)  -- address decode off-by-one: SECURE at 0x6 instead of 0x5
  [SURVIVED] scratch_read_ctrl    (passed)  -- read mux bug: reading SCRATCH returns CTRL
  [found  ] rvalid_stuck0        (test-failed)  -- rvalid never asserts (read data never marked valid)
  [SURVIVED] scratch_lsb_stuck    (passed)  -- SCRATCH drops its least-significant bit on write

==== found/total = 1/8  =  12.5%  (threshold 90%) ====
surviving mutants: ro_writable, secure_writable_locked, w1c_as_rw, ctrl_reset_nonzero, addr_secure_off1, scratch_read_ctrl, scratch_lsb_stuck

--- solutions/axil_uvm  vs  tb/axil_uvm/mutants_released.yaml  (sim: icarus) ---
[baseline] running clean axil_regfile.sv through axil_uvm ...
  clean RTL: 1 tests passed.

  [found  ] ro_writable          (test-failed)  -- RO: STATUS accepts writes (should be ignored)
  [found  ] secure_writable_locked (test-failed)  -- SECURITY: SECURE is writable even while LOCK=1
  [found  ] w1c_as_rw            (test-failed)  -- INTR behaves as plain RW instead of write-1-to-clear
  [found  ] ctrl_reset_nonzero   (test-failed)  -- CTRL resets to all-ones instead of 0
  [found  ] addr_secure_off1     (test-failed)  -- address decode off-by-one: SECURE at 0x6 instead of 0x5
  [found  ] scratch_read_ctrl    (test-failed)  -- read mux bug: reading SCRATCH returns CTRL
  [found  ] rvalid_stuck0        (test-failed)  -- rvalid never asserts (read data never marked valid)
  [found  ] scratch_lsb_stuck    (test-failed)  -- SCRATCH drops its least-significant bit on write

==== found/total = 8/8  =  100.0%  (threshold 90%) ====

  environment                      score
  tb/axil_uvm        (stub sb)    found/total = 1/8
  solutions/axil_uvm (model sb)   found/total = 8/8
