     -.--ns INFO     gpi                                ..mbed/gpi_embed.cpp:79   in set_program_name_in_venv        Did not detect Python virtual environment. Using system-wide Python interpreter
     -.--ns INFO     gpi                                ../gpi/GpiCommon.cpp:101  in gpi_print_registered_impl       VPI registered
Running on Verilator version 5.020 2024-01-01
Running tests with cocotb v1.9.2 from /usr/local/lib/python3.11/dist-packages/cocotb
Seeding Python random module with 1787514438
Found test step3_weak_model.test_weak_model
running test_weak_model (1/1)
demo seed = 5

                                                          top.occ        3/3  bins hit   100.0%
                                                          top.op         4/4  bins hit   100.0%
coverage model closed: every bin in the model was hit
test_weak_model passed
******************************************************************************************
                                                        ** TEST                              STATUS  SIM TIME (ns)  REAL TIME (s)  RATIO (ns/s) **
                                                        ******************************************************************************************
                                                        ** step3_weak_model.test_weak_model   PASS        2525.00           0.92       2735.63  **
                                                        ******************************************************************************************
                                                        ** TESTS=1 PASS=1 FAIL=0 SKIP=0                   2525.00           1.23       2058.35  **
                                                        ******************************************************************************************

- :0: Verilog $finish
