     -.--ns INFO     gpi                                ..mbed/gpi_embed.cpp:79   in set_program_name_in_venv        Did not detect Python virtual environment. Using system-wide Python interpreter
     -.--ns INFO     gpi                                ../gpi/GpiCommon.cpp:101  in gpi_print_registered_impl       VPI registered
Running on Icarus Verilog version 12.0 (stable)
Running tests with cocotb v1.9.2 from /usr/local/lib/python3.11/dist-packages/cocotb
Seeding Python random module with 1787510416
Found test step1_traceable.test_vp1_add_flags
Found test step1_traceable.test_vp2_slt_signed
Found test step1_traceable.test_vp3_zero_flag
running test_vp1_add_flags (1/3)
                                                          traces: vplan.md VP-1 -- ADD result + overflow (signed) + carry (unsigned)
demo seed = 5
VP-1 pass: 6 wrap-boundary and equal-operand vectors
test_vp1_add_flags passed
running test_vp2_slt_signed (2/3)
                                                          traces: vplan.md VP-2 -- SLT compares as SIGNED two's-complement
VP-2 pass: 5 one-negative / sign-corner comparisons
test_vp2_slt_signed passed
running test_vp3_zero_flag (3/3)
                                                          traces: vplan.md VP-3 -- zero iff result all zeros, under every op
VP-3 pass: zero asserted under 5 ops, deasserted under 2
test_vp3_zero_flag passed
*********************************************************************************************
                                                        ** TEST                                 STATUS  SIM TIME (ns)  REAL TIME (s)  RATIO (ns/s) **
                                                        *********************************************************************************************
                                                        ** step1_traceable.test_vp1_add_flags    PASS           6.00           0.00       5637.18  **
                                                        ** step1_traceable.test_vp2_slt_signed   PASS           5.00           0.00      10801.09  **
                                                        ** step1_traceable.test_vp3_zero_flag    PASS           7.00           0.00      14359.08  **
                                                        *********************************************************************************************
                                                        ** TESTS=3 PASS=3 FAIL=0 SKIP=0                        18.00           0.08        224.79  **
                                                        *********************************************************************************************

