     -.--ns INFO     gpi                                ..mbed/gpi_embed.cpp:79   in set_program_name_in_venv        Did not detect Python virtual environment. Using system-wide Python interpreter
     -.--ns INFO     gpi                                ../gpi/GpiCommon.cpp:101  in gpi_print_registered_impl       VPI registered
Running on Icarus Verilog version 12.0 (stable)
Running tests with cocotb v1.9.2 from /usr/local/lib/python3.11/dist-packages/cocotb
Seeding Python random module with 1787500829
pytest not found, install it to enable better AssertionError messages
Found test step0_hand.test_hand_vectors
running test_hand_vectors (1/1)
demo seed = 5

                                                          occupancy   cycles
                                                          ---------   ------
                                                                  0        1  ########## <- EMPTY
                                                                  1        2  ####################
                                                                  2        2  ####################
                                                                  3        2  ####################
                                                                  4        1  ##########
                                                                  5        0
                                                                  6        0
                                                                  7        0
                                                                  8        0   <- FULL
                                                          boundaries reached: 1/2   (empty=1 cycles, full=0 cycles)
test_hand_vectors passed
**************************************************************************************
                                                        ** TEST                          STATUS  SIM TIME (ns)  REAL TIME (s)  RATIO (ns/s) **
                                                        **************************************************************************************
                                                        ** step0_hand.test_hand_vectors   PASS         105.00           0.00      32831.83  **
                                                        **************************************************************************************
                                                        ** TESTS=1 PASS=1 FAIL=0 SKIP=0                105.00           0.01      11027.52  **
                                                        **************************************************************************************

