     -.--ns INFO     gpi                                ..mbed/gpi_embed.cpp:79   in set_program_name_in_venv        Did not detect Python virtual environment. Using system-wide Python interpreter
     -.--ns INFO     gpi                                ../gpi/GpiCommon.cpp:101  in gpi_print_registered_impl       VPI registered
Running on Icarus Verilog version 12.0 (stable)
Running tests with cocotb v1.9.2 from /usr/local/lib/python3.11/dist-packages/cocotb
Seeding Python random module with 1787500832
pytest not found, install it to enable better AssertionError messages
Found test step1_txn.test_uniform_random
running test_uniform_random (1/1)
demo seed = 5

                                                          occupancy   cycles
                                                          ---------   ------
                                                                  0        9  #### <- EMPTY
                                                                  1       27  #############
                                                                  2       34  ################
                                                                  3       40  ###################
                                                                  4       32  ###############
                                                                  5       42  ####################
                                                                  6       15  #######
                                                                  7        1
                                                                  8        0   <- FULL
                                                          boundaries reached: 1/2   (empty=9 cycles, full=0 cycles)
test_uniform_random passed
***************************************************************************************
                                                        ** TEST                           STATUS  SIM TIME (ns)  REAL TIME (s)  RATIO (ns/s) **
                                                        ***************************************************************************************
                                                        ** step1_txn.test_uniform_random   PASS        2025.00           0.13      15384.27  **
                                                        ***************************************************************************************
                                                        ** TESTS=1 PASS=1 FAIL=0 SKIP=0                2025.00           0.28       7253.55  **
                                                        ***************************************************************************************

