     -.--ns INFO     gpi                                ..mbed/gpi_embed.cpp:79   in set_program_name_in_venv        Did not detect Python virtual environment. Using system-wide Python interpreter
     -.--ns INFO     gpi                                ../gpi/GpiCommon.cpp:101  in gpi_print_registered_impl       VPI registered
Running on Verilator version 5.020 2024-01-01
Running tests with cocotb v1.9.2 from /usr/local/lib/python3.11/dist-packages/cocotb
Seeding Python random module with 1787514404
Found test step0_blind.test_blind
running test_blind (1/1)
demo seed = 5

                                                          occupancy   cycles
                                                          ---------   ------
                                                                  0       68  #################### <- EMPTY
                                                                  1       20  ######
                                                                  2       17  #####
                                                                  3       16  #####
                                                                  4       17  #####
                                                                  5       19  ######
                                                                  6       16  #####
                                                                  7       19  ######
                                                                  8       58  ################# <- FULL
                                                          boundaries reached: 2/2   (empty=68 cycles, full=58 cycles)
test_blind passed
**************************************************************************************
                                                        ** TEST                          STATUS  SIM TIME (ns)  REAL TIME (s)  RATIO (ns/s) **
                                                        **************************************************************************************
                                                        ** step0_blind.test_blind         PASS        2525.00           0.96       2617.68  **
                                                        **************************************************************************************
                                                        ** TESTS=1 PASS=1 FAIL=0 SKIP=0               2525.00           1.30       1937.56  **
                                                        **************************************************************************************

- :0: Verilog $finish
