     -.--ns INFO     gpi                                ..mbed/gpi_embed.cpp:79   in set_program_name_in_venv        Did not detect Python virtual environment. Using system-wide Python interpreter
     -.--ns INFO     gpi                                ../gpi/GpiCommon.cpp:101  in gpi_print_registered_impl       VPI registered
Running on Icarus Verilog version 12.0 (stable)
Running tests with cocotb v1.9.2 from /usr/local/lib/python3.11/dist-packages/cocotb
Seeding Python random module with 1787500846
pytest not found, install it to enable better AssertionError messages
Found test step2_overconstrained_quiet.test_overconstrained_quiet
running test_overconstrained_quiet (1/1)
demo seed = 5

                                                          occupancy   cycles
                                                          ---------   ------
                                                                  0       26  ############### <- EMPTY
                                                                  1       33  ###################
                                                                  2       34  ####################
                                                                  3       33  ###################
                                                                  4       29  #################
                                                                  5       26  ###############
                                                                  6       16  #########
                                                                  7        3  ##
                                                                  8        0   <- FULL
                                                          boundaries reached: 1/2   (empty=26 cycles, full=0 cycles)
test_overconstrained_quiet passed
****************************************************************************************************************
                                                        ** TEST                                                    STATUS  SIM TIME (ns)  REAL TIME (s)  RATIO (ns/s) **
                                                        ****************************************************************************************************************
                                                        ** step2_overconstrained_quiet.test_overconstrained_quiet   PASS        2025.00           0.40       5063.73  **
                                                        ****************************************************************************************************************
                                                        ** TESTS=1 PASS=1 FAIL=0 SKIP=0                                         2025.00           0.59       3406.92  **
                                                        ****************************************************************************************************************

