     -.--ns INFO     gpi                                ..mbed/gpi_embed.cpp:79   in set_program_name_in_venv        Did not detect Python virtual environment. Using system-wide Python interpreter
     -.--ns INFO     gpi                                ../gpi/GpiCommon.cpp:101  in gpi_print_registered_impl       VPI registered
Running on Icarus Verilog version 12.0 (stable)
Running tests with cocotb v1.9.2 from /usr/local/lib/python3.11/dist-packages/cocotb
Seeding Python random module with 1787513107
Found test step2_monitor_scoreboard.test_monitor_scoreboard
running test_monitor_scoreboard (1/1)
demo seed = 5
scoreboard: 47 cycles judged, 0 mismatches

                                                          corner-case checklist -- measured from what was driven
                                                          [x] full reached              4 cycles at count==8
                                                          [x] write-while-full refused  3 attempts (1 simultaneous)
                                                          [x] empty re-reached          5 cycles at count==0
                                                          [x] read-while-empty ignored  3 attempts (1 simultaneous)
                                                          [x] simultaneous read+write   3 mid-stream, count unchanged
                                                          [x] pointer wrap              23 accepted writes, depth 8 (2 wraps)
                                                          stimulus: 47 cycles, digest ae8971e8   (same digest = same vectors)
test_monitor_scoreboard passed
**********************************************************************************************************
                                                        ** TEST                                              STATUS  SIM TIME (ns)  REAL TIME (s)  RATIO (ns/s) **
                                                        **********************************************************************************************************
                                                        ** step2_monitor_scoreboard.test_monitor_scoreboard   PASS         491.00           0.01      67029.28  **
                                                        **********************************************************************************************************
                                                        ** TESTS=1 PASS=1 FAIL=0 SKIP=0                                    491.00           0.09       5775.59  **
                                                        **********************************************************************************************************

