     -.--ns INFO     gpi                                ..mbed/gpi_embed.cpp:79   in set_program_name_in_venv        Did not detect Python virtual environment. Using system-wide Python interpreter
     -.--ns INFO     gpi                                ../gpi/GpiCommon.cpp:101  in gpi_print_registered_impl       VPI registered
Running on Icarus Verilog version 12.0 (stable)
Running tests with cocotb v1.9.2 from /usr/local/lib/python3.11/dist-packages/cocotb
Seeding Python random module with 1787513112
Found test step3_layers.test_layered
running test_layered (1/1)
demo seed = 5
sequence clean: first in, first out  (7 txns, 7 judged so far)
sequence clean: fill to full, knock twice  (10 txns, 17 judged so far)
sequence clean: drain to empty, knock twice  (10 txns, 27 judged so far)
sequence clean: both boundaries, simultaneous  (12 txns, 39 judged so far)
sequence clean: mixed traffic across the wrap  (8 txns, 47 judged so far)

                                                          corner-case checklist -- measured from what was driven
                                                          [x] full reached              4 cycles at count==8
                                                          [x] write-while-full refused  3 attempts (1 simultaneous)
                                                          [x] empty re-reached          5 cycles at count==0
                                                          [x] read-while-empty ignored  3 attempts (1 simultaneous)
                                                          [x] simultaneous read+write   3 mid-stream, count unchanged
                                                          [x] pointer wrap              23 accepted writes, depth 8 (2 wraps)
                                                          stimulus: 47 cycles, digest ae8971e8   (same digest = same vectors)
test_layered passed
**************************************************************************************
                                                        ** TEST                          STATUS  SIM TIME (ns)  REAL TIME (s)  RATIO (ns/s) **
                                                        **************************************************************************************
                                                        ** step3_layers.test_layered      PASS         491.00           0.01      62938.40  **
                                                        **************************************************************************************
                                                        ** TESTS=1 PASS=1 FAIL=0 SKIP=0                491.00           0.08       5804.39  **
                                                        **************************************************************************************

