     -.--ns INFO     gpi                                ..mbed/gpi_embed.cpp:79   in set_program_name_in_venv        Did not detect Python virtual environment. Using system-wide Python interpreter
     -.--ns INFO     gpi                                ../gpi/GpiCommon.cpp:101  in gpi_print_registered_impl       VPI registered
Running on Icarus Verilog version 12.0 (stable)
Running tests with cocotb v1.9.2 from /usr/local/lib/python3.11/dist-packages/cocotb
Seeding Python random module with 1787517725
Found test step2_bitbash.test_bit_bash
Found test step2_bitbash.test_access_policy
running test_bit_bash (1/2)
                                                          Walking-ones + all-ones + zero + mixed on every RW register.
demo seed = 5

                                                          bit-bash: one loop over the table's RW rows:
                                                          [RW ] CTRL     35 patterns (walking-1s, all-1s, zero, 0xa5a5a5a5)   ok
                                                          [RW ] SCRATCH  35 patterns (walking-1s, all-1s, zero, 0xa5a5a5a5)   ok
                                                          [RW ] LOCK     35 patterns (walking-1s, all-1s, zero, 0xa5a5a5a5)   ok
test_bit_bash passed
running test_access_policy (2/2)
                                                          The policy column, checked: RO rejects writes; W1C cannot be set.
demo seed = 5

                                                          access-policy walk:
                                                          [RO ] STATUS   held 0x5a5a0f0f across 3 junk writes           ok
                                                          [W1C] INTR     all-ones write set nothing (bus can only clear)      ok
                                                          policy checks fired: RO, W1C -- neither is read-after-write
test_access_policy passed
******************************************************************************************
                                                        ** TEST                              STATUS  SIM TIME (ns)  REAL TIME (s)  RATIO (ns/s) **
                                                        ******************************************************************************************
                                                        ** step2_bitbash.test_bit_bash        PASS        4235.00           0.04     105021.29  **
                                                        ** step2_bitbash.test_access_policy   PASS         195.00           0.00      84180.06  **
                                                        ******************************************************************************************
                                                        ** TESTS=2 PASS=2 FAIL=0 SKIP=0                   4430.00           0.12      36667.71  **
                                                        ******************************************************************************************

