     -.--ns INFO     gpi                                ..mbed/gpi_embed.cpp:79   in set_program_name_in_venv        Did not detect Python virtual environment. Using system-wide Python interpreter
     -.--ns INFO     gpi                                ../gpi/GpiCommon.cpp:101  in gpi_print_registered_impl       VPI registered
Running on Icarus Verilog version 12.0 (stable)
Running tests with cocotb v1.9.2 from /usr/local/lib/python3.11/dist-packages/cocotb
Seeding Python random module with 1787510248
Found test step3_model_width.test_smoke
Found test step3_model_width.test_equal_operands
running test_smoke (1/2)
test_smoke passed
running test_equal_operands (2/2)
demo seed = 5
test_equal_operands passed
***********************************************************************************************
                                                        ** TEST                                   STATUS  SIM TIME (ns)  REAL TIME (s)  RATIO (ns/s) **
                                                        ***********************************************************************************************
                                                        ** step3_model_width.test_smoke            PASS           1.00           0.00       1532.86  **
                                                        ** step3_model_width.test_equal_operands   PASS           1.00           0.00       2148.67  **
                                                        ***********************************************************************************************
                                                        ** TESTS=2 PASS=2 FAIL=0 SKIP=0                           2.00           0.08         23.73  **
                                                        ***********************************************************************************************

