     -.--ns INFO     gpi                                ..mbed/gpi_embed.cpp:79   in set_program_name_in_venv        Did not detect Python virtual environment. Using system-wide Python interpreter
     -.--ns INFO     gpi                                ../gpi/GpiCommon.cpp:101  in gpi_print_registered_impl       VPI registered
Running on Icarus Verilog version 12.0 (stable)
Running tests with cocotb v1.9.2 from /usr/local/lib/python3.11/dist-packages/cocotb
Seeding Python random module with 1787511597
Found test step0_drive_only.test_drive_only
running test_drive_only (1/1)
demo seed = 5
ADD a=0x03 b=0x04      -> result=0x07 zero=0 carry=0 overflow=0
ADD a=0x7f b=0x01      -> result=0x80 zero=0 carry=0 overflow=1
SUB a=0x2a b=0x2a      -> result=0x00 zero=1 carry=0 overflow=0
SUB a=0x03 b=0x05      -> result=0xfe zero=0 carry=1 overflow=0
AND a=0xf0 b=0x0f      -> result=0x00 zero=1 carry=0 overflow=0
OR a=0xf0 b=0x0f       -> result=0xff zero=0 carry=0 overflow=0
XOR a=0xff b=0x0f      -> result=0xf0 zero=0 carry=0 overflow=0
SLT a=0x80 b=0x01      -> result=0x01 zero=0 carry=0 overflow=0
SLL a=0x01 b=0x03      -> result=0x08 zero=0 carry=0 overflow=0
SRL a=0x80 b=0x02      -> result=0x20 zero=0 carry=0 overflow=0
10 vectors driven, 0 values checked
test_drive_only passed
******************************************************************************************
                                                        ** TEST                              STATUS  SIM TIME (ns)  REAL TIME (s)  RATIO (ns/s) **
                                                        ******************************************************************************************
                                                        ** step0_drive_only.test_drive_only   PASS          10.00           0.00       5995.03  **
                                                        ******************************************************************************************
                                                        ** TESTS=1 PASS=1 FAIL=0 SKIP=0                     10.00           0.09        113.80  **
                                                        ******************************************************************************************

