     -.--ns INFO     gpi                                ..mbed/gpi_embed.cpp:79   in set_program_name_in_venv        Did not detect Python virtual environment. Using system-wide Python interpreter
     -.--ns INFO     gpi                                ../gpi/GpiCommon.cpp:101  in gpi_print_registered_impl       VPI registered
Running on Icarus Verilog version 12.0 (stable)
Running tests with cocotb v1.9.2 from /usr/local/lib/python3.11/dist-packages/cocotb
Seeding Python random module with 1787510201
Found test step0_looks_fine.test_looks_fine
running test_looks_fine (1/1)
demo seed = 5

                                                             a     b       sum   carry_out
                                                          ----  ----      ----   ---------
                                                          0x01  0x02      0x03   0
                                                          0x00  0x00      0x00   0
                                                          0x37  0x28      0x5f   0
                                                          0xff  0x01      0x00   1
                                                          0x05  0x05      0x0a   0
                                                          0x80  0x7f      0xff   0
6/6 vectors match the model
test_looks_fine passed
******************************************************************************************
                                                        ** TEST                              STATUS  SIM TIME (ns)  REAL TIME (s)  RATIO (ns/s) **
                                                        ******************************************************************************************
                                                        ** step0_looks_fine.test_looks_fine   PASS           6.00           0.01       1090.98  **
                                                        ******************************************************************************************
                                                        ** TESTS=1 PASS=1 FAIL=0 SKIP=0                      6.00           0.17         35.04  **
                                                        ******************************************************************************************

