     -.--ns INFO     gpi                                ..mbed/gpi_embed.cpp:79   in set_program_name_in_venv        Did not detect Python virtual environment. Using system-wide Python interpreter
     -.--ns INFO     gpi                                ../gpi/GpiCommon.cpp:101  in gpi_print_registered_impl       VPI registered
Running on Verilator version 5.020 2024-01-01
Running tests with cocotb v1.9.2 from /usr/local/lib/python3.11/dist-packages/cocotb
Seeding Python random module with 1787515924
Found test step1_frame_walk.test_frame_walk
running test_frame_walk (1/1)
demo seed = 5

                                                          the frame on the wire   (CLKS_PER_BIT=8, one row per bit-time)
                                                          pos    samples    reads as
                                                          -----  --------   --------
                                                          start  00000000   line low -- frame begins
                                                          bit0   11111111   1  (LSB first)
                                                          bit1   00000000   0
                                                          bit2   11111111   1
                                                          bit3   00000000   0
                                                          bit4   00000000   0
                                                          bit5   11111111   1
                                                          bit6   00000000   0
                                                          bit7   11111111   1
                                                          stop   11111111   line high -- frame ends
                                                          wire reads 0xa5
4 frames measured on the wire; rx_valid pulsed 4x; frame_err 0x
test_frame_walk passed
******************************************************************************************
                                                        ** TEST                              STATUS  SIM TIME (ns)  REAL TIME (s)  RATIO (ns/s) **
                                                        ******************************************************************************************
                                                        ** step1_frame_walk.test_frame_walk   PASS        3900.00           0.05      76745.25  **
                                                        ******************************************************************************************
                                                        ** TESTS=1 PASS=1 FAIL=0 SKIP=0                   3900.00           0.21      18421.16  **
                                                        ******************************************************************************************

- :0: Verilog $finish
