     -.--ns INFO     gpi                                ..mbed/gpi_embed.cpp:79   in set_program_name_in_venv        Did not detect Python virtual environment. Using system-wide Python interpreter
     -.--ns INFO     gpi                                ../gpi/GpiCommon.cpp:101  in gpi_print_registered_impl       VPI registered
Running on Icarus Verilog version 12.0 (stable)
Running tests with cocotb v1.9.2 from /usr/local/lib/python3.11/dist-packages/cocotb
Seeding Python random module with 1787518533
Found test step1_policy.test_locked_register_assertion
running test_locked_register_assertion (1/1)
                                                          Protected state must not change under a transaction that lacks privilege.
demo seed = 5

                                                          the access-control property, as a check:
                                                          arrange: SECURE <= 0xa5a5a5a5, then LOCK <= 1
                                                          act:     SECURE <= 0xdeadbeef with LOCK=1   (no privilege)
                                                          assert:  SECURE still reads 0xa5a5a5a5   -> write dropped   ok
                                                          assert:  INTR[0] latched (0x00000001)   -> violation visible   ok
                                                          property held on this RTL. Now plant secure_writable_locked
                                                          and run the same check -- the policy is the security boundary.
test_locked_register_assertion passed
*****************************************************************************************************
                                                        ** TEST                                         STATUS  SIM TIME (ns)  REAL TIME (s)  RATIO (ns/s) **
                                                        *****************************************************************************************************
                                                        ** step1_policy.test_locked_register_assertion   PASS         135.00           0.00      60224.98  **
                                                        *****************************************************************************************************
                                                        ** TESTS=1 PASS=1 FAIL=0 SKIP=0                               135.00           0.09       1587.82  **
                                                        *****************************************************************************************************

